// Jest Snapshot v1, https://goo.gl/fbAQLP

exports[`<Details/> should render Details correctly with data, no ticket selected 1`] = `
<div
  className="details"
/>
`;

exports[`<Details/> should render Details correctly with data, with ticket 276 selected 1`] = `
<div
  className="details"
>
  <div>
    <h3
      className="details--id"
    >
      Ticket 
      276
    </h3>
    <p
      className="details--created"
    >
      Created 
      6/7/2018, 11:13:13 PM
    </p>
    <table
      className="details--table"
    >
      <tbody>
        <tr>
          <td
            key="Submitter ID-0"
          >
            <h4>
              Submitter ID
            </h4>
          </td>
          <td
            key="Requester ID-1"
          >
            <h4>
              Requester ID
            </h4>
          </td>
          <td
            key="Asignee ID-2"
          >
            <h4>
              Asignee ID
            </h4>
          </td>
        </tr>
        <tr>
          <td
            key="365396398731-0"
          >
            365396398731
          </td>
          <td
            key="365396398731-1"
          >
            365396398731
          </td>
          <td
            key="365396398731-2"
          >
            365396398731
          </td>
        </tr>
        <tr>
          <td
            key="Status-0"
          >
            <h4>
              Status
            </h4>
          </td>
          <td
            key="Type-1"
          >
            <h4>
              Type
            </h4>
          </td>
          <td
            key="Priority-2"
          >
            <h4>
              Priority
            </h4>
          </td>
        </tr>
        <tr>
          <td
            key="open-0"
          >
            open
          </td>
          <td
            key="question-1"
          >
            question
          </td>
          <td
            key="urgent-2"
          >
            urgent
          </td>
        </tr>
      </tbody>
    </table>
    <hr
      className="details--split"
    />
    <div>
      <h3>
        Subject
      </h3>
      <p>
        commodo excepteur cupidatat aliquip quis
      </p>
      <h3>
        Tags
      </h3>
      <p>
        <span
          key="tag-0"
        >
          aute
          , 
        </span>
        <span
          key="tag-1"
        >
          incididunt
          , 
        </span>
        <span
          key="tag-2"
        >
          occaecat
        </span>
      </p>
      <h3>
        Description
      </h3>
      <p>
         
        Irure dolore consequat consectetur deserunt id ut ad aliquip ex elit ipsum eu. Mollit cupidatat consequat magna pariatur tempor Lorem. Ut cillum fugiat tempor ad fugiat labore et culpa.

Id in ipsum aliquip nulla est aliquip labore magna occaecat irure. Tempor amet ad eiusmod id. In occaecat dolore labore dolor laboris ullamco sit. Labore enim occaecat sunt aliqua amet duis. Tempor commodo sint ut dolore cupidatat elit ad deserunt minim do veniam est aute. Ex Lorem laborum voluptate aliqua fugiat excepteur do. Sunt non labore incididunt cillum amet cupidatat commodo id consectetur do Lorem reprehenderit ex aliqua.
      </p>
    </div>
  </div>
</div>
`;

exports[`<Details/> should render Details correctly with no data, no ticket selected 1`] = `
<div
  className="details"
/>
`;
