// Jest Snapshot v1, https://goo.gl/fbAQLP

exports[`<Header /> should render Header correctly 1`] = `
<div
  className="header"
>
  <div
    className="header--title"
  >
    <h1>
      Zendesk Browser
    </h1>
  </div>
</div>
`;
