// Jest Snapshot v1, https://goo.gl/fbAQLP

exports[`<List /> should render List correctly 1`] = `
<div
  className="list"
/>
`;
