// Jest Snapshot v1, https://goo.gl/fbAQLP

exports[`should render Pagination correctly 1`] = `
<div
  className="pagination"
/>
`;
