// Jest Snapshot v1, https://goo.gl/fbAQLP

exports[`<Ticket /> should render Ticket correctly 1`] = `
<div
  className="ticket"
>
  <div
    className="ticket--heading"
  >
    <h2>
      Details
    </h2>
  </div>
  <Details />
</div>
`;
